12-22 23:06:31.283  8889  9225 I Bugle   : RcsAvailabilityUtilForProvisioningEngineV2: updateAvailabilityAsync, hint: CSLIB_PHENOTYPE_UPDATE
12-22 23:06:31.283  8889  9225 I Bugle   : RcsAvailabilityUtilForProvisioningEngineV2: swapAvailabilityUpdater, provisioningTaskInBugle: true, activeRcsAvailabilityUpdater: aisb
12-22 23:06:31.283  8889  9225 I BugleRcsProvisioning: RcsAvailabilityUpdaterLocal: updateAvailabilityAsync: scheduling updateRcsAvailability call, hint: CSLIB_PHENOTYPE_UPDATE, enableWelcomePopupWithoutGoogleTos: false, reshowSuccessPopup: false
12-22 23:06:31.283  8889  9225 W BugleRcsEngine: [89] azxd.b: [SR]: Single Registration is disabled. Skipping Single Registration capability check for subId: 1, OS.isAtLeastS:[true], enableSingleRegistrationProvisioning:[false]
12-22 23:06:31.284  8889  9225 I BugleRcsProvisioning: RcsProvisioningTrigger: DR is active, initializing DR provisioning. DUAL_REG
12-22 23:06:31.284  8889  9250 W BugleRcsEngine: [113] azxd.b: [SR]: Single Registration is disabled. Skipping Single Registration capability check for subId: 1, OS.isAtLeastS:[true], enableSingleRegistrationProvisioning:[false]
12-22 23:06:31.284  8889  8944 W BugleRcsEngine: [80] azxd.b: [SR]: Single Registration is disabled. Skipping Single Registration capability check for subId: 1, OS.isAtLeastS:[true], enableSingleRegistrationProvisioning:[false]
12-22 23:06:31.284  8889  9250 I BugleRcsEngine: [113] baha.d: No RCS Configuration was found in Bugle for simID: redacted-pii:sim_id[chars:20,last3:897]
12-22 23:06:31.284  8889  9250 I BugleRcsProvisioning: RcsAvailabilityUpdaterLocal: RcsAvailability configuration availability and enabled status: simId: redacted-pii:sim_id[chars:20,last3:897], SipConnectionType: DUAL_REG, isConfigurationAvailableAndEnabled: false
12-22 23:06:31.284  8889  9250 I BugleRcsEngine: [113] baio.b: Using config server URL from ayua
12-22 23:06:31.287  2278  2424 I CarrierServices: [40] dec.s: ProvisioningEngineManager: onCsLibPhenotypeUpdated, provisioningTaskInBugleEnabled = true, currentProvisioningStrategy = dig
12-22 23:06:31.285  8889  8921 I BugleRcsEngine: [57] ayms.b: System Binding updated
12-22 23:06:31.289  8889  8944 I BugleRcsEngine: [80] baha.d: No RCS Configuration was found in Bugle for simID: redacted-pii:sim_id[chars:20,last3:897]
12-22 23:06:31.289  8889  8944 I BugleRcsEngine: [80] sxl.k: Scheduled provisioning task with 0 seconds delay, KEEP policy
12-22 23:06:31.291  8889  8932 I BugleRcsEngine: [68] aptv.b: SystemBindingManager: force P/H Flag update scheduled and start updateBinding
12-22 23:06:31.291  8889  8946 W BugleAction: Null config in BugleSharedPrefs
12-22 23:06:31.291  8889  8946 W BugleAction: Failed to get msisdn from Bugle
12-22 23:06:31.291  8889  8946 W BugleAction: Failed to get msisdn from RcsProfileService
12-22 23:06:31.291  8889  8946 W BugleAction: boqd: Jibe SDK Service not available. Is the Jibe SDK service running? Did you call connect() and wait for the notification before calling an API function?
12-22 23:06:31.291  8889  8946 W BugleAction: 	at bopv.b(PG:2)
12-22 23:06:31.291  8889  8946 W BugleAction: 	at com.google.android.rcs.client.profile.RcsProfileService.g(PG:1)
12-22 23:06:31.291  8889  8946 W BugleAction: 	at com.google.android.rcs.client.profile.RcsProfileService.getMsisdn(PG:1)
12-22 23:06:31.291  8889  8946 W BugleAction: 	at aiqz.aD(PG:16)
12-22 23:06:31.291  8889  8946 W BugleAction: 	at aiqz.M(PG:2)
12-22 23:06:31.291  8889  8946 W BugleAction: 	at agzr.g(PG:1)
12-22 23:06:31.291  8889  8946 W BugleAction: 	at agzn.call(Unknown Source:2)
12-22 23:06:31.291  8889  8946 W BugleAction: 	at brjm.a(PG:1)
12-22 23:06:31.291  8889  8946 W BugleAction: 	at brhr.a(PG:2)
12-22 23:06:31.291  8889  8946 W BugleAction: 	at bwaw.a(PG:1)
12-22 23:06:31.291  8889  8946 W BugleAction: 	at bvzz.run(PG:4)
12-22 23:06:31.291  8889  8946 W BugleAction: 	at bway.run(PG:1)
12-22 23:06:31.291  8889  8946 W BugleAction: 	at bfab.run(PG:1)
12-22 23:06:31.291  8889  8946 W BugleAction: 	at java.util.concurrent.ThreadPoolExecutor.runWorker(ThreadPoolExecutor.java:1137)
12-22 23:06:31.291  8889  8946 W BugleAction: 	at java.util.concurrent.ThreadPoolExecutor$Worker.run(ThreadPoolExecutor.java:637)
12-22 23:06:31.291  8889  8946 W BugleAction: 	at bezh.run(PG:2)
12-22 23:06:31.291  8889  8946 W BugleAction: 	at bezn.run(PG:4)
12-22 23:06:31.291  8889  8946 W BugleAction: 	at java.lang.Thread.run(Thread.java:1012)
12-22 23:06:31.291  8889  8946 W Bugle   : SubscriptionMetadataUtils get: invalid subId = -2
12-22 23:06:31.291  8889  8946 W Bugle   : SubscriptionMetadataUtils get: invalid subId = -2
12-22 23:06:31.292  8889  8946 W Bugle   : SubscriptionMetadataUtils get: invalid subId = -2
12-22 23:06:31.292  8889  8946 W Bugle   : SubscriptionUtilsAsOfLMR1: getSelfRawNumber: subInfo is null for subscription{id:-1}
12-22 23:06:31.292  8889  8935 I BugleRcsEngine: [71] aymr.run: SystemBindingManager: SystemBinding enabled: true
12-22 23:06:31.293  8889  8935 I BugleRcsEngine: [71] ayms.b: System Binding updated
12-22 23:06:31.293  8889  8932 I BugleDataModel: TransactionManagerImpl: tx:  ParticipantsColumnSetter#updatePhenotypeColumn  started
12-22 23:06:31.293  8889  9256 I BugleTransport: isChatAvailable: RcsAvailability is CARRIER_SETUP_PENDING (Carrier RCS is not set up)
12-22 23:06:31.293  8889  9250 I BugleRcsEngine: [113] baha.g: No RCS Configuration was found in Bugle for simID: redacted-pii:sim_id[chars:20,last3:897]
12-22 23:06:31.293  8889  9250 I BugleRcsProvisioning: RcsAvailabilityUpdaterLocal: RcsAvailability subscription{id:1}, simId: redacted-pii:sim_id[chars:20,last3:897], sipConnectionType: DUAL_REG, isRcsAvailable: false
12-22 23:06:31.293  8889  9250 I BugleRcsProvisioning: RcsAvailabilityUpdaterLocal: updateRcsAvailability, currentAvailability: 10, newAvailability: 10, hint: CSLIB_PHENOTYPE_UPDATE
12-22 23:06:31.294  8889  9253 I BugleRcsProvisioning: RcsProvisioningTrigger: onRcsAvailabilityUpdate : availability is updated to Carrier RCS is not set up, lastAvailability is null, simId hash = -4624700037357692751, isPev3Enabled = true
12-22 23:06:31.294  8889  9253 I BugleRcsEngine: [115] bael.f: RcsProvisioningManager: Receive onRcsAvailabilityUpdate, SIM = redacted-pii:sim_id[chars:20,last3:897], availability = RcsAvailability{mAvailability=CARRIER_SETUP_PENDING (Carrier RCS is not set up)}
12-22 23:06:31.295  8889  8946 W BugleAction: No default number, returning empty msisdn
12-22 23:06:31.296  8889  9253 I BugleRcsProvisioning: RcsProvisioningTrigger: onRcsAvailabilityUpdate : isPreviousDisabled = true, isCurrentDisabled = false
12-22 23:06:31.296  8889  9253 I BugleRcsEngine: [115] baha.d: No RCS Configuration was found in Bugle for simID: redacted-pii:sim_id[chars:20,last3:897]
12-22 23:06:31.296  8889  9253 W BugleRcsEngine: [115] azxd.b: [SR]: Single Registration is disabled. Skipping Single Registration capability check for subId: 1, OS.isAtLeastS:[true], enableSingleRegistrationProvisioning:[false]
12-22 23:06:31.296  8889  9253 I BugleRcsProvisioning: RcsProvisioningTrigger: DR is active, initializing DR provisioning. DUAL_REG
12-22 23:06:31.296  8889  8944 W BugleRcsEngine: [80] ayqe.x: Unable to send diagnostic log
12-22 23:06:31.297  8889  8946 W BugleRcsEngine: [81] azxd.b: [SR]: Single Registration is disabled. Skipping Single Registration capability check for subId: 1, OS.isAtLeastS:[true], enableSingleRegistrationProvisioning:[false]
12-22 23:06:31.297  8889  8946 I BugleRcsEngine: [81] baha.d: No RCS Configuration was found in Bugle for simID: redacted-pii:sim_id[chars:20,last3:897]
12-22 23:06:31.297  8889  9256 I BugleRcsEngine: [118] baeh.a: RcsProvisioningManager: AvailabilityObserver.onUpdate : Notify RcsAvailabilityListener ampl@f59f5c5 onRcsAvailabilityUpdate, SIM = redacted-pii:sim_id[chars:20,last3:897], availability = 10
12-22 23:06:31.297  8889  8946 I BugleRcsEngine: [81] sxl.k: Scheduled provisioning task with 0 seconds delay, KEEP policy
12-22 23:06:31.297  8889  8933 E PhFileGroupPop: Failed to add file group
12-22 23:06:31.298  8889  8946 I BugleTransport: isChatAvailable: RcsAvailability is CARRIER_SETUP_PENDING (Carrier RCS is not set up)
12-22 23:06:31.298  8889  9252 W BugleRcsEngine: [114] ayqe.x: Unable to send diagnostic log
12-22 23:06:31.298  8889  9255 I BugleRcsEngine: [117] baha.g: No RCS Configuration was found in Bugle for simID: redacted-pii:sim_id[chars:20,last3:897]
12-22 23:06:31.299  8889  8946 I BugleRcsEngine: [81] baha.g: No RCS Configuration was found in Bugle for simID: redacted-pii:sim_id[chars:20,last3:897]
12-22 23:06:31.299  8889  8946 I BugleTransport: isChatAvailable: false, enabledTransport: 1
12-22 23:06:31.300  8889  8932 I BugleDataModel: TransactionManagerImpl: tx:  ParticipantsColumnSetter#updatePhenotypeColumn  ended
12-22 23:06:31.300  8889  8946 I RcsClientLib: Connecting RcsEngineLifecycleService
12-22 23:06:31.301  8889  8946 I RcsClientLib: shouldUseCarrierServicesJibeService: true, CarrierServices rcs service found: true
12-22 23:06:31.303  8889  9254 W BugleRcsEngine: [116] ayqe.x: Unable to send diagnostic log
12-22 23:06:31.303  8889  8889 I RcsClientLib: com.google.android.rcs.client.lifecycle.RcsEngineLifecycleService connected
12-22 23:06:31.306  2278  2298 I CarrierServices: [35] RcsEngineImpl.triggerStopRcsStack: Stop Registration for redacted-pii:phone_number[chars:0,last2:]
12-22 23:06:31.306  2278  3005 I CarrierServices: [54] dnz.handleMessage: RCS engine STOP RCS stack
12-22 23:06:31.306  8889  8940 I RcsClientLib: Disconnecting RcsEngineLifecycleService
12-22 23:06:31.307  8889  9259 W BugleAction: Null config in BugleSharedPrefs
12-22 23:06:31.307  8889  9259 W BugleAction: Failed to get msisdn from Bugle
12-22 23:06:31.307  8889  9257 I BugleRcsEngine: [119] baha.g: No RCS Configuration was found in Bugle for simID: redacted-pii:sim_id[chars:20,last3:897]
12-22 23:06:31.308  8889  9259 W BugleAction: Failed to get msisdn from RcsProfileService
12-22 23:06:31.308  8889  9259 W BugleAction: boqd: Jibe SDK Service not available. Is the Jibe SDK service running? Did you call connect() and wait for the notification before calling an API function?
12-22 23:06:31.308  8889  9259 W BugleAction: 	at bopv.b(PG:2)
12-22 23:06:31.308  8889  9259 W BugleAction: 	at com.google.android.rcs.client.profile.RcsProfileService.g(PG:1)
12-22 23:06:31.308  8889  9259 W BugleAction: 	at com.google.android.rcs.client.profile.RcsProfileService.getMsisdn(PG:1)
12-22 23:06:31.308  8889  9259 W BugleAction: 	at aiqz.aD(PG:16)
12-22 23:06:31.308  8889  9259 W BugleAction: 	at aiqz.M(PG:2)
12-22 23:06:31.308  8889  9259 W BugleAction: 	at agzr.g(PG:1)
12-22 23:06:31.308  8889  9259 W BugleAction: 	at agzn.call(Unknown Source:2)
12-22 23:06:31.308  8889  9259 W BugleAction: 	at brjm.a(PG:1)
12-22 23:06:31.308  8889  9259 W BugleAction: 	at brhr.a(PG:2)
12-22 23:06:31.308  8889  9259 W BugleAction: 	at bwaw.a(PG:1)
12-22 23:06:31.308  8889  9259 W BugleAction: 	at bvzz.run(PG:4)
12-22 23:06:31.308  8889  9259 W BugleAction: 	at bway.run(PG:1)
12-22 23:06:31.308  8889  9259 W BugleAction: 	at bfab.run(PG:1)
12-22 23:06:31.308  8889  9259 W BugleAction: 	at java.util.concurrent.ThreadPoolExecutor.runWorker(ThreadPoolExecutor.java:1137)
12-22 23:06:31.308  8889  9259 W BugleAction: 	at java.util.concurrent.ThreadPoolExecutor$Worker.run(ThreadPoolExecutor.java:637)
12-22 23:06:31.308  8889  9259 W BugleAction: 	at bezh.run(PG:2)
12-22 23:06:31.308  8889  9259 W BugleAction: 	at bezn.run(PG:4)
12-22 23:06:31.308  8889  9259 W BugleAction: 	at java.lang.Thread.run(Thread.java:1012)
12-22 23:06:31.308  8889  9259 W Bugle   : SubscriptionMetadataUtils get: invalid subId = -2
12-22 23:06:31.308  8889  9259 W Bugle   : SubscriptionMetadataUtils get: invalid subId = -2
12-22 23:06:31.308  8889  9259 W Bugle   : SubscriptionMetadataUtils get: invalid subId = -2
12-22 23:06:31.308  8889  9259 W Bugle   : SubscriptionUtilsAsOfLMR1: getSelfRawNumber: subInfo is null for subscription{id:-1}
12-22 23:06:31.311  2278  3005 I CarrierServices: [54] dkk.f: No RCS Configuration was found in Bugle for simID: redacted-pii:sim_id[chars:20,last3:897]
12-22 23:06:31.312  8889  9259 W BugleAction: No default number, returning empty msisdn
12-22 23:06:31.312  8889  9258 I BugleRcsEngine: [120] baha.g: No RCS Configuration was found in Bugle for simID: redacted-pii:sim_id[chars:20,last3:897]
12-22 23:06:31.313  8889  9258 I BugleTransport: isChatAvailable: false, enabledTransport: 1
12-22 23:06:31.314  8889  9257 I RcsClientLib: Connecting RcsEngineLifecycleService
12-22 23:06:31.315  8889  9257 I RcsClientLib: shouldUseCarrierServicesJibeService: true, CarrierServices rcs service found: true
12-22 23:06:31.316  8889  8933 E PhFileGroupPop: Failed to add file group
12-22 23:06:31.316  8889  8933 E PhFileGroupPop: Failed to add file group
12-22 23:06:31.316  8889  8933 E PhFileGroupPop: Failed to add file group
12-22 23:06:31.316  8889  8889 I RcsClientLib: com.google.android.rcs.client.lifecycle.RcsEngineLifecycleService connected
12-22 23:06:31.317  8889  8927 E PhFileGroupPop: Failed to add file group
12-22 23:06:31.317  8889  8933 E PhFileGroupPop: Failed to add file group
12-22 23:06:31.317  8889  8933 E PhFileGroupPop: Failed to add file group
12-22 23:06:31.317  8889  8933 E PhFileGroupPop: Failed to add file group
12-22 23:06:31.317  8889  8933 E PhFileGroupPop: Failed to add file group
12-22 23:06:31.317  2278  2298 I CarrierServices: [35] RcsEngineImpl.triggerStopRcsStack: Stop Registration for redacted-pii:phone_number[chars:0,last2:]
12-22 23:06:31.317  8889  8933 E PhFileGroupPop: Failed to add file group
12-22 23:06:31.317  2278  3005 I CarrierServices: [54] dnz.handleMessage: RCS engine STOP RCS stack
12-22 23:06:31.317  8889  8941 I RcsClientLib: Disconnecting RcsEngineLifecycleService
12-22 23:06:31.319  2278  3005 I CarrierServices: [54] dkk.f: No RCS Configuration was found in Bugle for simID: redacted-pii:sim_id[chars:20,last3:897]
12-22 23:06:31.319  8889  8927 E PhFileGroupPop: Failed to add file group
12-22 23:06:31.319  8889  8927 E PhFileGroupPop: Failed to add file group
12-22 23:06:31.319  8889  8927 E PhFileGroupPop: Failed to add file group
12-22 23:06:31.319  8889  8927 E PhFileGroupPop: Failed to add file group
12-22 23:06:31.319  8889  8927 E PhFileGroupPop: Failed to add file group
12-22 23:06:31.319  8889  8927 E PhFileGroupPop: Failed to add file group
12-22 23:06:31.319  8889  8927 E PhFileGroupPop: Failed to add file group
12-22 23:06:31.319  8889  8927 E PhFileGroupPop: Failed to add file group
12-22 23:06:31.319  8889  8927 E PhFileGroupPop: Failed to add file group
12-22 23:06:31.319  8889  8927 E PhFileGroupPop: Failed to add file group
12-22 23:06:31.319  8889  8927 E PhFileGroupPop: Failed to add file group
12-22 23:06:31.319  8889  8927 E PhFileGroupPop: Failed to add file group
12-22 23:06:31.319  8889  8927 E PhFileGroupPop: Failed to add file group
12-22 23:06:31.319  8889  8927 E PhFileGroupPop: Failed to add file group
12-22 23:06:31.319  8889  8927 E PhFileGroupPop: Failed to add file group
12-22 23:06:31.319  8889  8927 E PhFileGroupPop: Failed to add file group
12-22 23:06:31.321  8889  8933 E PhFileGroupPop: Failed to add file group
12-22 23:06:31.321  8889  8933 E PhFileGroupPop: Failed to add file group
12-22 23:06:31.321  8889  8933 E PhFileGroupPop: Failed to add file group
12-22 23:06:31.321  8889  8933 E PhFileGroupPop: Failed to add file group
12-22 23:06:31.321  8889  8933 E PhFileGroupPop: Failed to add file group
12-22 23:06:31.321  8889  8933 E PhFileGroupPop: Failed to add file group
12-22 23:06:31.321  8889  8933 E PhFileGroupPop: Failed to add file group
12-22 23:06:31.321  8889  8933 E PhFileGroupPop: Failed to add file group
12-22 23:06:31.321  8889  8933 E bvwi    : RuntimeException while executing runnable bvzf{brhp@a24d1b4} with executor MoreExecutors.directExecutor()
12-22 23:06:31.321  8889  8933 E bvwi    : java.lang.NullPointerException: Attempt to read from field 'java.lang.String bhsn.b' on a null object reference in method 'void biwt.b(java.lang.Object)'
12-22 23:06:31.321  8889  8933 E bvwi    : 	at biwt.b(PG:2)
12-22 23:06:31.321  8889  8933 E bvwi    : 	at brhp.b(PG:2)
12-22 23:06:31.321  8889  8933 E bvwi    : 	at bvzf.run(PG:7)
12-22 23:06:31.321  8889  8933 E bvwi    : 	at bvyj.execute(PG:1)
12-22 23:06:31.321  8889  8933 E bvwi    : 	at bvwi.o(PG:1)
12-22 23:06:31.321  8889  8933 E bvwi    : 	at bvwi.b(PG:5)
12-22 23:06:31.321  8889  8933 E bvwi    : 	at bvzm.r(PG:2)
12-22 23:06:31.321  8889  8933 E bvwi    : 	at brjq.l(PG:1)
12-22 23:06:31.321  8889  8933 E bvwi    : 	at biwv.a(PG:15)
12-22 23:06:31.321  8889  8933 E bvwi    : 	at agpy.a(PG:2)
12-22 23:06:31.321  8889  8933 E bvwi    : 	at bhyc.m(PG:3)
12-22 23:06:31.321  8889  8933 E bvwi    : 	at bhyc.q(PG:1)
12-22 23:06:31.321  8889  8933 E bvwi    : 	at bhyc.g(PG:1)
12-22 23:06:31.321  8889  8933 E bvwi    : 	at bixw.a(PG:1)
12-22 23:06:31.321  8889  8933 E bvwi    : 	at brhr.a(PG:2)
12-22 23:06:31.321  8889  8933 E bvwi    : 	at bwaw.a(PG:1)
12-22 23:06:31.321  8889  8933 E bvwi    : 	at bvzz.run(PG:4)
12-22 23:06:31.321  8889  8933 E bvwi    : 	at bway.run(PG:1)
12-22 23:06:31.321  8889  8933 E bvwi    : 	at bfab.run(PG:1)
12-22 23:06:31.321  8889  8933 E bvwi    : 	at java.util.concurrent.ThreadPoolExecutor.runWorker(ThreadPoolExecutor.java:1137)
12-22 23:06:31.321  8889  8933 E bvwi    : 	at java.util.concurrent.ThreadPoolExecutor$Worker.run(ThreadPoolExecutor.java:637)
12-22 23:06:31.321  8889  8933 E bvwi    : 	at bezh.run(PG:2)
12-22 23:06:31.321  8889  8933 E bvwi    : 	at bezn.run(PG:4)
12-22 23:06:31.321  8889  8933 E bvwi    : 	at java.lang.Thread.run(Thread.java:1012)
12-22 23:06:31.322  8889  8927 E bvwi    : RuntimeException while executing runnable bvzf{brhp@359ed08} with executor MoreExecutors.directExecutor()
12-22 23:06:31.322  8889  8927 E bvwi    : java.lang.NullPointerException: Attempt to read from field 'java.lang.String bhsn.b' on a null object reference in method 'void biwt.b(java.lang.Object)'
12-22 23:06:31.322  8889  8927 E bvwi    : 	at biwt.b(PG:2)
12-22 23:06:31.322  8889  8927 E bvwi    : 	at brhp.b(PG:2)
12-22 23:06:31.322  8889  8927 E bvwi    : 	at bvzf.run(PG:7)
12-22 23:06:31.322  8889  8927 E bvwi    : 	at bvyj.execute(PG:1)
12-22 23:06:31.322  8889  8927 E bvwi    : 	at bvwi.o(PG:1)
12-22 23:06:31.322  8889  8927 E bvwi    : 	at bvwi.b(PG:5)
12-22 23:06:31.322  8889  8927 E bvwi    : 	at bvzm.r(PG:2)
12-22 23:06:31.322  8889  8927 E bvwi    : 	at brjq.l(PG:1)
12-22 23:06:31.322  8889  8927 E bvwi    : 	at biwv.a(PG:15)
12-22 23:06:31.322  8889  8927 E bvwi    : 	at agpy.a(PG:2)
12-22 23:06:31.322  8889  8927 E bvwi    : 	at bhyc.m(PG:3)
12-22 23:06:31.322  8889  8927 E bvwi    : 	at bhyc.q(PG:1)
12-22 23:06:31.322  8889  8927 E bvwi    : 	at bhyc.g(PG:2)
12-22 23:06:31.322  8889  8927 E bvwi    : 	at bixw.a(PG:1)
12-22 23:06:31.322  8889  8927 E bvwi    : 	at brhr.a(PG:2)
12-22 23:06:31.322  8889  8927 E bvwi    : 	at bwaw.a(PG:1)
12-22 23:06:31.322  8889  8927 E bvwi    : 	at bvzz.run(PG:4)
12-22 23:06:31.322  8889  8927 E bvwi    : 	at bway.run(PG:1)
12-22 23:06:31.322  8889  8927 E bvwi    : 	at bfab.run(PG:1)
12-22 23:06:31.322  8889  8927 E bvwi    : 	at java.util.concurrent.ThreadPoolExecutor.runWorker(ThreadPoolExecutor.java:1137)
12-22 23:06:31.322  8889  8927 E bvwi    : 	at java.util.concurrent.ThreadPoolExecutor$Worker.run(ThreadPoolExecutor.java:637)
12-22 23:06:31.322  8889  8927 E bvwi    : 	at bezh.run(PG:2)
12-22 23:06:31.322  8889  8927 E bvwi    : 	at bezn.run(PG:4)
12-22 23:06:31.322  8889  8927 E bvwi    : 	at java.lang.Thread.run(Thread.java:1012)
12-22 23:06:31.342  8889  8927 I MobileConfigurationWork: Using default worker factory for com.google.android.apps.messaging.rcsprovisioning.RcsProvisioningListenableWorker
12-22 23:06:31.342  8889  8927 D MddListenableWorkerFactory: createWorker for class: com.google.android.apps.messaging.rcsprovisioning.RcsProvisioningListenableWorker
12-22 23:06:31.342   367  9262 I resolv  : GetAddrInfoHandler::run: {101 786533 101 983141 10103 0}
12-22 23:06:31.344  8889  8889 I BugleRcsWorker: [seqId=0] RCS provisioning task has started
12-22 23:06:31.344   367  9264 I resolv  : res_nmkquery: (QUERY, IN, A)
12-22 23:06:31.346   367  9263 I resolv  : res_nmkquery: (QUERY, IN, AAAA)
12-22 23:06:31.350  8889  9257 I BugleRcsEngine: [119] azzg.d: (PEv2-SM-Bugle-227488893): start PEv2 [null]
12-22 23:06:31.351  8889  9257 I BugleRcsEngine: [119] baie.g: Created new RcsProvisioningProtoDataStorage for sim redacted-pii:sim_id[chars:20,last3:897]
12-22 23:06:31.352  8889  9257 I BugleRcsEngine: [119] baha.g: No RCS Configuration was found in Bugle for simID: redacted-pii:sim_id[chars:20,last3:897]
12-22 23:06:31.352  8889  9257 I BugleRcsEngine: [119] azzg.d: (PEv2-SM-Bugle-227488893): start [null]
12-22 23:06:31.352  8889  9265 I BugleRcsEngine: [124] azzg.d: (PEv2-SM-Bugle-227488893): Enter EnabledState [null]
12-22 23:06:31.354  8889  9265 W BugleRcsEngine: [124] ayqe.x: Unable to send diagnostic log
12-22 23:06:31.360  8889  9265 I BugleRcsEngine: [124] azxt.c: Sending ProvisioningEvent to Bugle [Send Provisioning Session ID (18)], redacted-pii:[chars:65]
12-22 23:06:31.360  8889  9265 I BugleRcsEngine: [124] bbdv.b: EngineBroadcaster: Broadcasting provisioning intent com.google.android.ims.provisioning.engine.provisioningEventAction to Bugle with extras redacted-pii:[chars:223]
12-22 23:06:31.361   367  9264 I resolv  : res_nsend: used send_dg 49 terrno: 0
12-22 23:06:31.361   367  9263 I resolv  : res_nsend: used send_dg 61 terrno: 0
12-22 23:06:31.361   367  9263 I resolv  : doQuery: rcode=0, ancount=1, return value=61
12-22 23:06:31.361   367  9264 I resolv  : doQuery: rcode=0, ancount=1, return value=49
12-22 23:06:31.364  8889  9261 D TrafficStats: tagSocket(101) with statsTag=0xffffffff, statsUid=-1
12-22 23:06:31.369  8889  9265 I BugleRcsEngine: [124] azzg.d: (PEv2-SM-Bugle-227488893): Start a new provisioning session [3460d6d4-f339-4289-ac45-52890af9e49a]
12-22 23:06:31.369  8889  9265 I BugleRcsEngine: [124] baha.d: No RCS Configuration was found in Bugle for simID: redacted-pii:sim_id[chars:20,last3:897]
12-22 23:06:31.370  8889  9265 I BugleRcsEngine: [124] badp.b: RcsAvailabilityManager: Calculating Rcs Availability
12-22 23:06:31.370  8889  9265 I BugleRcsEngine: [124] baha.B: Bugle is default SMS app: true
12-22 23:06:31.370  8889  9265 I BugleRcsEngine: [124] badp.b: Bugle has minimum required RCS permissions: true
12-22 23:06:31.371  8889  9265 I BugleRcsEngine: [124] baha.A: Rcs is enabled from user settings: true
12-22 23:06:31.371  8889  9258 I BugleRcsProvisioning: RcsProvisioningEventReceiver: Received ProvisioningEvent: Send Provisioning Session ID
12-22 23:06:31.371  8889  9265 I BugleRcsEngine: [124] baio.b: Using config server URL from ayua
12-22 23:06:31.371  8889  9265 I BugleRcsEngine: [124] baha.d: No RCS Configuration was found in Bugle for simID: redacted-pii:sim_id[chars:20,last3:897]
12-22 23:06:31.371  8889  9265 I BugleRcsEngine: [124] baha.g: No RCS Configuration was found in Bugle for simID: redacted-pii:sim_id[chars:20,last3:897]
12-22 23:06:31.371  8889  9265 I BugleRcsEngine: [124] baha.d: No RCS Configuration was found in Bugle for simID: redacted-pii:sim_id[chars:20,last3:897]
12-22 23:06:31.372  8889  8941 I Bugle   : BroadcastReceiverAsyncWorkTracker: Acknowledging broadcast of com.google.android.apps.messaging.shared.receiver.RcsProvisioningEventReceiver@576bda6
12-22 23:06:31.372  8889  9265 I BugleRcsEngine: [124] badp.b: Config state is not ACCEPTED, provisioning still in progress
12-22 23:06:31.372  8889  9265 I BugleRcsEngine: [124] badp.b: RcsAvailabilityManager: Updating Rcs Availability to CARRIER_SETUP_PENDING (Carrier RCS is not set up), sim id changed: true
12-22 23:06:31.372  8889  9265 I BugleRcsEngine: [124] baio.b: Using config server URL from ayua
12-22 23:06:31.372  8889  9265 W BugleRcsEngine: [124] ayqe.x: Unable to send diagnostic log
12-22 23:06:31.372  8889  9265 I BugleRcsEngine: [124] azxt.c: Sending ProvisioningEvent to Bugle [Availability updated (12)], redacted-pii:[chars:145]
12-22 23:06:31.372  8889  9265 I BugleRcsEngine: [124] bbdv.b: EngineBroadcaster: Broadcasting provisioning intent com.google.android.ims.provisioning.engine.provisioningEventAction to Bugle with extras redacted-pii:[chars:303]
12-22 23:06:31.373  8889  9265 I BugleRcsEngine: [124] badp.b: Sending ProvisioningEvent Internal [Availability updated (12)], redacted-pii:[chars:145]
12-22 23:06:31.375  8889  9265 I BugleRcsEngine: [124] baha.d: No RCS Configuration was found in Bugle for simID: redacted-pii:sim_id[chars:20,last3:897]
12-22 23:06:31.375  8889  9265 I BugleRcsEngine: [124] azzg.d: (PEv2-SM-Bugle-227488893): transitionViaMessage, srcState=EnabledState, destState = CheckPreconditionsState [3460d6d4-f339-4289-ac45-52890af9e49a]
12-22 23:06:31.375  8889  9265 I BugleRcsEngine: [124] azxt.c: Sending ProvisioningEvent to Bugle [Update provisioning status (11)], redacted-pii:[chars:85]
12-22 23:06:31.375  8889  9265 I BugleRcsEngine: [124] bbdv.b: EngineBroadcaster: Broadcasting provisioning intent com.google.android.ims.provisioning.engine.provisioningEventAction to Bugle with extras redacted-pii:[chars:243]
12-22 23:06:31.376  8889  9265 I BugleRcsEngine: [124] azzg.d: (PEv2-SM-Bugle-227488893): EnabledState: Transition to check preconditions [3460d6d4-f339-4289-ac45-52890af9e49a]
12-22 23:06:31.376  8889  9265 I BugleRcsEngine: [124] azzg.d: (PEv2-SM-Bugle-227488893): transitionTo: destState=CheckPreconditionsState [3460d6d4-f339-4289-ac45-52890af9e49a]
12-22 23:06:31.376  8889  9258 I BugleRcsProvisioning: RcsProvisioningEventReceiver: Received ProvisioningEvent: Availability updated
12-22 23:06:31.376  8889  9265 I BugleRcsEngine: [124] azzg.d: (PEv2-SM-Bugle-227488893): onTransitionRequested EnabledState [3460d6d4-f339-4289-ac45-52890af9e49a]
12-22 23:06:31.376  8889  9258 I BugleRcsProvisioning: RcsProvisioningEventReceiver: Bugle receives rcs availability update to: 10
12-22 23:06:31.376  8889  9265 I BugleRcsEngine: [124] azzg.d: (PEv2-SM-Bugle-227488893): Enter CheckPreconditionsState [3460d6d4-f339-4289-ac45-52890af9e49a]
12-22 23:06:31.381  8889  9265 W BugleRcsEngine: [124] ayqe.x: Unable to send diagnostic log
12-22 23:06:31.383  8889  9261 W DynamiteModule: Local module descriptor class for com.google.android.gms.providerinstaller.dynamite not found.
12-22 23:06:31.387  8889  9258 W BugleRcsEngine: [120] azxd.b: [SR]: Single Registration is disabled. Skipping Single Registration capability check for subId: 1, OS.isAtLeastS:[true], enableSingleRegistrationProvisioning:[false]
12-22 23:06:31.388  8889  9265 I BugleRcsEngine: [124] baha.i: getRcsProvisioningGoogleTosConfiguration # akdf@95a15, consentState = 0, ServerUpdateTime = 0
12-22 23:06:31.388  8889  9265 I BugleRcsEngine: [124] azzg.d: (PEv2-SM-Bugle-227488893): provisioningEngineDataRetriever = baha@81e6268, googleToSConsentCache.hasClientConsent() = false, provisioningEngineDataRetriever.getGoogleTosConsent = false [3460d6d4-f339-4289-ac45-52890af9e49a]
12-22 23:06:31.389  8889  9265 I BugleRcsEngine: [124] baha.i: getRcsProvisioningGoogleTosConfiguration # akdf@95a15, consentState = 0, ServerUpdateTime = 0
12-22 23:06:31.389  8889  9265 I BugleRcsEngine: [124] azzg.d: (PEv2-SM-Bugle-227488893): transitionViaMessage, srcState=CheckPreconditionsState, destState = WaitingForGoogleTosState [3460d6d4-f339-4289-ac45-52890af9e49a]
12-22 23:06:31.389  8889  9265 I BugleRcsEngine: [124] azzg.d: (PEv2-SM-Bugle-227488893): CheckPreconditionsState: Transition to waiting for Google TOS [3460d6d4-f339-4289-ac45-52890af9e49a]
12-22 23:06:31.389  8889  9265 I BugleRcsEngine: [124] azzg.d: (PEv2-SM-Bugle-227488893): transitionTo: destState=WaitingForGoogleTosState [3460d6d4-f339-4289-ac45-52890af9e49a]
12-22 23:06:31.389  8889  9265 I BugleRcsEngine: [124] azzg.d: (PEv2-SM-Bugle-227488893): onTransitionRequested CheckPreconditionsState [3460d6d4-f339-4289-ac45-52890af9e49a]
12-22 23:06:31.389  8889  9265 I BugleRcsEngine: [124] azzg.d: (PEv2-SM-Bugle-227488893): Enter WaitingForGoogleTosState [3460d6d4-f339-4289-ac45-52890af9e49a]
12-22 23:06:31.391  8889  8929 W ziparchive: Unable to open '/data/user_de/0/com.google.android.gms/app_chimera/m/00000002/DynamiteLoader.dm': No such file or directory
12-22 23:06:31.391  8889  8929 W ziparchive: Unable to open '/data/user_de/0/com.google.android.gms/app_chimera/m/00000002/DynamiteLoader.dm': No such file or directory
12-22 23:06:31.391  8889  9258 I BugleRcsEngine: [120] baha.d: No RCS Configuration was found in Bugle for simID: redacted-pii:sim_id[chars:20,last3:897]
12-22 23:06:31.391  8889  9258 I BugleRcsProvisioning: RcsAvailabilityUpdaterLocal: RcsAvailability configuration availability and enabled status: simId: redacted-pii:sim_id[chars:20,last3:897], SipConnectionType: DUAL_REG, isConfigurationAvailableAndEnabled: false
12-22 23:06:31.391  8889  9258 I BugleRcsEngine: [120] baio.b: Using config server URL from ayua
12-22 23:06:31.392  8889  9258 I BugleRcsEngine: [120] baha.g: No RCS Configuration was found in Bugle for simID: redacted-pii:sim_id[chars:20,last3:897]
12-22 23:06:31.392  8889  9258 I BugleRcsProvisioning: RcsAvailabilityUpdaterLocal: RcsAvailability subscription{id:1}, simId: redacted-pii:sim_id[chars:20,last3:897], sipConnectionType: DUAL_REG, isRcsAvailable: false
12-22 23:06:31.392  8889  9258 I BugleRcsProvisioning: RcsAvailabilityUpdaterLocal: updateRcsAvailability, currentAvailability: 10, newAvailability: 10, hint: NO_HINT
12-22 23:06:31.392  8889  9257 I BugleRcsProvisioning: RcsProvisioningTrigger: onRcsAvailabilityUpdate : availability is updated to Carrier RCS is not set up, lastAvailability is Carrier RCS is not set up, simId hash = -4624700037357692751, isPev3Enabled = true
12-22 23:06:31.392  8889  9265 W BugleRcsEngine: [124] ayqe.x: Unable to send diagnostic log
12-22 23:06:31.392  8889  8941 I Bugle   : BroadcastReceiverAsyncWorkTracker: Acknowledging broadcast of com.google.android.apps.messaging.shared.receiver.RcsProvisioningEventReceiver@c891680
12-22 23:06:31.393  8889  9265 W BugleRcsEngine: [124] ayqe.x: Unable to send diagnostic log
12-22 23:06:31.393  8889  9265 I BugleRcsEngine: [124] azxt.c: Sending ProvisioningEvent to Bugle [Show FastTrack UI (5)], no extra data
12-22 23:06:31.393  8889  9265 I BugleRcsEngine: [124] bbdv.b: EngineBroadcaster: Broadcasting provisioning intent com.google.android.ims.provisioning.engine.provisioningEventAction to Bugle with extras redacted-pii:[chars:82]
12-22 23:06:31.394  8889  9265 I BugleRcsWorker: [seqId=0] Received a provisioning state changed event from the provisioning engine USER_INPUT_REQUIRED
12-22 23:06:31.396  8889  8929 I DynamiteModule: Considering local module com.google.android.gms.cronet_dynamite:0 and remote module com.google.android.gms.cronet_dynamite:1411
12-22 23:06:31.396  8889  8929 I DynamiteModule: Selected remote version of com.google.android.gms.cronet_dynamite, version >= 1411
12-22 23:06:31.396  8889  9265 I BugleRcsWorker: [seqId=0] Provisioning Engine needs user input, shutting down Provisioning Task
12-22 23:06:31.396  8889  8929 V DynamiteModule: Dynamite loader version >= 2, using loadModule2NoCrashUtils
12-22 23:06:31.396  8889  9265 I BugleRcsWorker: [seqId=0] finish provisioning task with result Success {mOutputData=Data {}}
12-22 23:06:31.396  8889  9265 I BugleRcsWorker: [seqId=0] RCS provisioning task has finished with result Success {mOutputData=Data {}}
12-22 23:06:31.397  8889  9265 I BugleRcsEngine: [124] azzg.d: (PEv2-SM-Bugle-227488893): quit [3460d6d4-f339-4289-ac45-52890af9e49a]
12-22 23:06:31.397  8889  9265 I BugleRcsEngine: [124] azzg.d: (PEv2-SM-Bugle-227488893): transitionTo: destState=azdd [3460d6d4-f339-4289-ac45-52890af9e49a]
12-22 23:06:31.398  8889  9265 I BugleRcsEngine: [124] azzg.d: (PEv2-SM-Bugle-227488893): Exit WaitingForGoogleTosState [3460d6d4-f339-4289-ac45-52890af9e49a]
12-22 23:06:31.398  8889  9265 W BugleRcsEngine: [124] ayqe.x: Unable to send diagnostic log
12-22 23:06:31.398  8889  9265 I BugleRcsEngine: [124] azzg.d: (PEv2-SM-Bugle-227488893): Exit CheckPreconditionsState [3460d6d4-f339-4289-ac45-52890af9e49a]
12-22 23:06:31.398  8889  9265 I BugleRcsEngine: [124] azzg.d: (PEv2-SM-Bugle-227488893): Exit EnabledState [3460d6d4-f339-4289-ac45-52890af9e49a]
12-22 23:06:31.399  8889  9265 W BugleRcsEngine: [124] ayqe.x: Unable to send diagnostic log
12-22 23:06:31.399  8889  9265 W BugleRcsEngine: [124] azzg.e: (PEv2-SM-Bugle-227488893): onQuitting [3460d6d4-f339-4289-ac45-52890af9e49a]
12-22 23:06:31.399  8889  9265 I BugleRcsEngine: [124] badp.b: RcsAvailabilityManager: Calculating Rcs Availability
12-22 23:06:31.399  8889  9251 I WM-WorkerWrapper: Worker result SUCCESS for Work [ id=c951fc9a-d6c3-46b8-b9e2-8c3854335e6f, tags={ com.google.android.apps.messaging.rcsprovisioning.RcsProvisioningListenableWorker, provisioning } ]
12-22 23:06:31.399  8889  9265 I BugleRcsEngine: [124] baha.B: Bugle is default SMS app: true
12-22 23:06:31.399  8889  9265 I BugleRcsEngine: [124] badp.b: Bugle has minimum required RCS permissions: true
12-22 23:06:31.401  8889  9265 I BugleRcsEngine: [124] baha.A: Rcs is enabled from user settings: true
12-22 23:06:31.401  8889  9265 I BugleRcsEngine: [124] baio.b: Using config server URL from ayua
12-22 23:06:31.401  8889  9265 I BugleRcsEngine: [124] baha.d: No RCS Configuration was found in Bugle for simID: redacted-pii:sim_id[chars:20,last3:897]
12-22 23:06:31.402  8889  9265 I BugleRcsEngine: [124] baha.g: No RCS Configuration was found in Bugle for simID: redacted-pii:sim_id[chars:20,last3:897]
12-22 23:06:31.402  8889  9265 I BugleRcsEngine: [124] baha.d: No RCS Configuration was found in Bugle for simID: redacted-pii:sim_id[chars:20,last3:897]
12-22 23:06:31.403  8889  9265 I BugleRcsEngine: [124] badp.b: Config state is not ACCEPTED, provisioning still in progress
12-22 23:06:31.403  8889  9265 I BugleRcsEngine: [124] badp.b: RcsAvailabilityManager: Rcs Availability still CARRIER_SETUP_PENDING (Carrier RCS is not set up)
12-22 23:06:31.405  8889  9258 I BugleDataModel: TransactionManagerImpl: tx:  SettingsStoreImpl#updateDataSyncInternal  started
12-22 23:06:31.406  8889  9258 I BugleDataModel: TransactionManagerImpl: tx:  SettingsStoreImpl#updateDataSyncInternal  ended
12-22 23:06:31.406  1289  1305 W ProviderHelper: Unknown dynamite feature providerinstaller.dynamite
12-22 23:06:31.406  8889  9261 I DynamiteModule: Considering local module com.google.android.gms.providerinstaller.dynamite:0 and remote module com.google.android.gms.providerinstaller.dynamite:0
12-22 23:06:31.406  8889  9261 W ProviderInstaller: Failed to load providerinstaller module: No acceptable module com.google.android.gms.providerinstaller.dynamite found. Local version is 0 and remote version is 0.
12-22 23:06:31.407  8889  8935 W BugleRcsEngine: [71] ayqe.x: Unable to send diagnostic log
12-22 23:06:31.412  8889  9261 D nativeloader: Configuring classloader-namespace for other apk /system/framework/com.android.media.remotedisplay.jar. target_sdk_version=33, uses_libraries=ALL, library_path=/product/priv-app/PrebuiltGmsCore/lib/arm64:/product/priv-app/PrebuiltGmsCore/PrebuiltGmsCore.apk!/lib/arm64-v8a, permitted_path=/data:/mnt/expand:/data/user/0/com.google.android.gms
12-22 23:06:31.413  8889  9257 I BugleRcsProvisioning: RcsProvisioningEventReceiver: Received ProvisioningEvent: Update provisioning status
12-22 23:06:31.413  8889  8941 I Bugle   : BroadcastReceiverAsyncWorkTracker: Acknowledging broadcast of com.google.android.apps.messaging.shared.receiver.RcsProvisioningEventReceiver@bab9cd1
12-22 23:06:31.417  8889  9257 I BugleRcsProvisioning: RcsProvisioningEventReceiver: Received ProvisioningEvent: Show FastTrack UI
12-22 23:06:31.418  8889  8941 I Bugle   : BroadcastReceiverAsyncWorkTracker: Acknowledging broadcast of com.google.android.apps.messaging.shared.receiver.RcsProvisioningEventReceiver@41abcc2
12-22 23:06:31.419  8889  9261 D nativeloader: Configuring classloader-namespace for other apk /system/framework/com.android.location.provider.jar. target_sdk_version=33, uses_libraries=ALL, library_path=/product/priv-app/PrebuiltGmsCore/lib/arm64:/product/priv-app/PrebuiltGmsCore/PrebuiltGmsCore.apk!/lib/arm64-v8a, permitted_path=/data:/mnt/expand:/data/user/0/com.google.android.gms
12-22 23:06:31.420  8889  8935 W BugleRcsEngine: [71] ayqe.x: Unable to send diagnostic log
12-22 23:06:31.421  8889  8929 W ziparchive: Unable to open '/data/user_de/0/com.google.android.gms/app_chimera/m/00000001/CronetDynamite.dm': No such file or directory
12-22 23:06:31.421  8889  8929 W ziparchive: Unable to open '/data/user_de/0/com.google.android.gms/app_chimera/m/00000001/CronetDynamite.dm': No such file or directory
12-22 23:06:31.427  8889  9261 D nativeloader: Configuring vendor-classloader-namespace for unbundled product apk /product/priv-app/PrebuiltGmsCore/PrebuiltGmsCore.apk. target_sdk_version=33, uses_libraries=, library_path=/product/priv-app/PrebuiltGmsCore/lib/arm64:/product/priv-app/PrebuiltGmsCore/PrebuiltGmsCore.apk!/lib/arm64-v8a:/product/lib64:/system/product/lib64, permitted_path=/data:/mnt/expand:/data/user/0/com.google.android.gms:/product/lib64:/system/product/lib64
12-22 23:06:31.431  8889  8929 D nativeloader: Configuring classloader-namespace for other apk . target_sdk_version=33, uses_libraries=ALL, library_path=/data/user_de/0/com.google.android.gms/app_chimera/m/00000001/CronetDynamite.apk!/lib/arm64-v8a, permitted_path=/data:/mnt/expand
12-22 23:06:31.431  8889  8935 W BugleRcsEngine: [71] ayqe.x: Unable to send diagnostic log
12-22 23:06:31.432  8889  8935 W BugleRcsEngine: [71] ayqe.x: Unable to send diagnostic log
12-22 23:06:31.433   578  1969 D ConnectivityService: requestNetwork for uid/pid:10103/8889 activeRequest: null callbackRequest: 176 [NetworkRequest [ REQUEST id=177, [ Capabilities: INTERNET&NOT_RESTRICTED&TRUSTED&NOT_VCN_MANAGED Uid: 10103 RequestorUid: 10103 RequestorPkg: com.google.android.apps.messaging UnderlyingNetworks: Null] ]] callback flags: 0 order: 2147483647
12-22 23:06:31.437   578   699 D WifiNetworkFactory: got request NetworkRequest [ REQUEST id=177, [ Capabilities: INTERNET&NOT_RESTRICTED&TRUSTED&NOT_VCN_MANAGED Uid: 10103 RequestorUid: 10103 RequestorPkg: com.google.android.apps.messaging UnderlyingNetworks: Null] ]
12-22 23:06:31.437   578   699 D UntrustedWifiNetworkFactory: got request NetworkRequest [ REQUEST id=177, [ Capabilities: INTERNET&NOT_RESTRICTED&TRUSTED&NOT_VCN_MANAGED Uid: 10103 RequestorUid: 10103 RequestorPkg: com.google.android.apps.messaging UnderlyingNetworks: Null] ]
12-22 23:06:31.437   578   699 D OemPaidWifiNetworkFactory: got request NetworkRequest [ REQUEST id=177, [ Capabilities: INTERNET&NOT_RESTRICTED&TRUSTED&NOT_VCN_MANAGED Uid: 10103 RequestorUid: 10103 RequestorPkg: com.google.android.apps.messaging UnderlyingNetworks: Null] ]
12-22 23:06:31.438   578   699 D MultiInternetWifiNetworkFactory: got request NetworkRequest [ REQUEST id=177, [ Capabilities: INTERNET&NOT_RESTRICTED&TRUSTED&NOT_VCN_MANAGED Uid: 10103 RequestorUid: 10103 RequestorPkg: com.google.android.apps.messaging UnderlyingNetworks: Null] ]
12-22 23:06:31.438   578   706 D ConnectivityService: NetReassign [177 : null → 101] [c 2] [a 1] [i 0]
12-22 23:06:31.440   578   706 D ConnectivityService: NetReassign [no changes] [c 0] [a 1] [i 0]
12-22 23:06:31.455  8889  8929 I cr_CronetLibraryLoader: Cronet version: 101.0.4951.41, arch: aarch64
12-22 23:06:31.456  8889  8929 I BugleNetwork: Creating gRPC Managed channel with Cronet: instantmessaging-pa.googleapis.com:443
12-22 23:06:31.461  8889  9261 V NativeCrypto: Registering com/google/android/gms/org/conscrypt/NativeCrypto's 295 native methods...
12-22 23:06:31.477  8889  9261 I ProviderInstaller: Installed default security provider GmsCore_OpenSSL
12-22 23:06:31.485   367  9276 I resolv  : GetAddrInfoHandler::run: {101 786533 101 983141 10103 0}
12-22 23:06:31.485   367  9277 I resolv  : res_nmkquery: (QUERY, IN, AAAA)
12-22 23:06:31.485   367  9278 I resolv  : res_nmkquery: (QUERY, IN, A)
12-22 23:06:31.501   367  9277 I resolv  : res_nsend: used send_dg 164 terrno: 0
12-22 23:06:31.501   367  9277 I resolv  : doQuery: rcode=0, ancount=4, return value=164
12-22 23:06:31.501   367  9278 I resolv  : res_nsend: used send_dg 308 terrno: 0
12-22 23:06:31.501   367  9278 I resolv  : doQuery: rcode=0, ancount=16, return value=308
12-22 23:06:31.569  9179  9179 I ViewInteraction: Checking 'MatchesViewAssertion{viewMatcher=an instance of android.widget.TextView and view.getText() with or without transformation to match: a string containing "24.8"}' assertion on view view.getId() is <2131231079/com.example.cookingunitconverter:id/result>
12-22 23:06:31.576   772   973 D SplashScreenView: Build android.window.SplashScreenView{f4db326 V.E...... ......ID 0,0-0,0}
12-22 23:06:31.576   772   973 D SplashScreenView: Icon: view: null drawable: null size: 0
12-22 23:06:31.576   772   973 D SplashScreenView: Branding: view: android.view.View{60f0b67 G.ED..... ......I. 0,0-0,0 #10204db android:id/splashscreen_branding_view} drawable: null size w: 0 h: 0
12-22 23:06:31.578  9179  9179 D LifecycleMonitor: Lifecycle status change: com.example.cookingunitconverter.MainActivity@7ea488 in: PAUSED
12-22 23:06:31.578  9179  9179 V ActivityScenario: Update currentActivityStage to PAUSED, currentActivity=com.example.cookingunitconverter.MainActivity@7ea488
12-22 23:06:31.584   384   454 D goldfish-address-space: claimShared: Ask to claim region [0x1db060000 0x1dba44000]
12-22 23:06:31.585   368   368 D Zygote  : Forked child process 9284
12-22 23:06:31.586   384   454 D goldfish-address-space: claimShared: Ask to claim region [0x1d8000000 0x1d89e4000]
12-22 23:06:31.586   384   454 D goldfish-address-space: claimShared: Ask to claim region [0x1d89e4000 0x1d93c8000]
12-22 23:06:31.589   772  1059 W Parcel  : Expecting binder but got null!
12-22 23:06:31.590  8889  9271 I cr_CronetUrlRequestContext: destroyNativeStreamLocked org.chromium.net.impl.CronetBidirectionalStream@374afeb
12-22 23:06:31.591  9284  9284 I tconverter.test: Late-enabling -Xcheck:jni
12-22 23:06:31.594   384   454 D goldfish-address-space: claimShared: Ask to claim region [0x1d93c8000 0x1d9a1c000]
12-22 23:06:31.599  8889  8941 W BugleNetwork: RegistrationProvider: Failed to register with Tachyon
12-22 23:06:31.599  8889  8941 W BugleNetwork: cehe: PERMISSION_DENIED: The caller does not have permission
12-22 23:06:31.599  8889  8941 W BugleNetwork: 	at io.grpc.Status.g(PG:1)
12-22 23:06:31.599  8889  8941 W BugleNetwork: 	at cfcs.a(PG:6)
12-22 23:06:31.599  8889  8941 W BugleNetwork: 	at cegb.a(PG:1)
12-22 23:06:31.599  8889  8941 W BugleNetwork: 	at bgfa.a(PG:9)
12-22 23:06:31.599  8889  8941 W BugleNetwork: 	at cemf.a(PG:3)
12-22 23:06:31.599  8889  8941 W BugleNetwork: 	at cenc.run(PG:2)
12-22 23:06:31.599  8889  8941 W BugleNetwork: 	at cewg.run(PG:2)
12-22 23:06:31.599  8889  8941 W BugleNetwork: 	at java.util.concurrent.ThreadPoolExecutor.runWorker(ThreadPoolExecutor.java:1137)
12-22 23:06:31.599  8889  8941 W BugleNetwork: 	at java.util.concurrent.ThreadPoolExecutor$Worker.run(ThreadPoolExecutor.java:637)
12-22 23:06:31.599  8889  8941 W BugleNetwork: 	at java.lang.Thread.run(Thread.java:1012)
12-22 23:06:31.602  8889  8941 W BugleNetwork: RegistrationProvider: Got error in StatusRuntimeException. Notifying tachyon registration error listeners, error: 1, status: PERMISSION_DENIED
12-22 23:06:31.602  8889  8941 W BugleNetwork: cehe: PERMISSION_DENIED: The caller does not have permission
12-22 23:06:31.602  8889  8941 W BugleNetwork: 	at io.grpc.Status.g(PG:1)
12-22 23:06:31.602  8889  8941 W BugleNetwork: 	at cfcs.a(PG:6)
12-22 23:06:31.602  8889  8941 W BugleNetwork: 	at cegb.a(PG:1)
12-22 23:06:31.602  8889  8941 W BugleNetwork: 	at bgfa.a(PG:9)
12-22 23:06:31.602  8889  8941 W BugleNetwork: 	at cemf.a(PG:3)
12-22 23:06:31.602  8889  8941 W BugleNetwork: 	at cenc.run(PG:2)
12-22 23:06:31.602  8889  8941 W BugleNetwork: 	at cewg.run(PG:2)
12-22 23:06:31.602  8889  8941 W BugleNetwork: 	at java.util.concurrent.ThreadPoolExecutor.runWorker(ThreadPoolExecutor.java:1137)
12-22 23:06:31.602  8889  8941 W BugleNetwork: 	at java.util.concurrent.ThreadPoolExecutor$Worker.run(ThreadPoolExecutor.java:637)
12-22 23:06:31.602  8889  8941 W BugleNetwork: 	at java.lang.Thread.run(Thread.java:1012)
12-22 23:06:31.607  8889  8935 I Bugle   : VerifiedSmsStartupTask: Checking if Verified SMS tasks should be enqueued. feature supported: true, feature enabled: true, eligible / has registered key: false, C11N: true
12-22 23:06:31.608  8889  8935 I Bugle   : VerifiedSmsStartupTask: Not enqueuing VSMS periodic task, VSMS is disabled or not supported.
12-22 23:06:31.609  8889  8940 I Bugle   : VerifiedSmsStartupTask: Calling C11N to get phone numbers...
12-22 23:06:31.611  8889  8940 I Bugle   : VerifiedSmsRegistrationHelper: Too early for C11N check, last check time: 1671587312894, earliest next check time: 1672192112894, current time: 1671768391610
12-22 23:06:31.611  8889  8940 I Bugle   : VerifiedSmsStartupTask: C11N registration didn't update with any new data.
12-22 23:06:31.620   458   492 I adbd    : jdwp connection from 9284
12-22 23:06:31.647  9284  9284 D CompatibilityChangeReporter: Compat change id reported: 171979766; UID 10169; state: ENABLED
12-22 23:06:31.648   415   465 W TransactionTracing: Could not find layer id -1
12-22 23:06:31.652  9284  9284 D ApplicationLoaders: Returning zygote-cached class loader: /system/framework/android.test.base.jar
12-22 23:06:31.653  9284  9284 D nativeloader: Configuring classloader-namespace for other apk /system/framework/android.test.mock.jar. target_sdk_version=33, uses_libraries=ALL, library_path=/data/app/~~lKVJXKWXkBywzM-EGpLPAg==/com.example.cookingunitconverter.test-PmoLbjIQX-zkVFbzIoFwdg==/lib/arm64, permitted_path=/data:/mnt/expand:/data/user/0/com.example.cookingunitconverter.test
12-22 23:06:31.653  9284  9284 D ApplicationLoaders: Returning zygote-cached class loader: /system/framework/android.test.base.jar
12-22 23:06:31.654  9284  9284 W tconverter.test: ClassLoaderContext shared library size mismatch. Expected=0, found=2 (PCL[] | PCL[]{PCL[/system/framework/android.test.base.jar*1628045882]#PCL[/system/framework/android.test.mock.jar*849501951]})
12-22 23:06:31.654  9284  9284 D nativeloader: Configuring classloader-namespace for other apk /system/framework/android.test.runner.jar. target_sdk_version=33, uses_libraries=ALL, library_path=/data/app/~~lKVJXKWXkBywzM-EGpLPAg==/com.example.cookingunitconverter.test-PmoLbjIQX-zkVFbzIoFwdg==/lib/arm64, permitted_path=/data:/mnt/expand:/data/user/0/com.example.cookingunitconverter.test
12-22 23:06:31.655  9284  9284 W ziparchive: Unable to open '/data/app/~~lKVJXKWXkBywzM-EGpLPAg==/com.example.cookingunitconverter.test-PmoLbjIQX-zkVFbzIoFwdg==/base.dm': No such file or directory
12-22 23:06:31.655  9284  9284 W ziparchive: Unable to open '/data/app/~~lKVJXKWXkBywzM-EGpLPAg==/com.example.cookingunitconverter.test-PmoLbjIQX-zkVFbzIoFwdg==/base.dm': No such file or directory
12-22 23:06:31.664  9284  9284 D nativeloader: Configuring classloader-namespace for other apk /data/app/~~lKVJXKWXkBywzM-EGpLPAg==/com.example.cookingunitconverter.test-PmoLbjIQX-zkVFbzIoFwdg==/base.apk. target_sdk_version=33, uses_libraries=, library_path=/data/app/~~lKVJXKWXkBywzM-EGpLPAg==/com.example.cookingunitconverter.test-PmoLbjIQX-zkVFbzIoFwdg==/lib/arm64, permitted_path=/data:/mnt/expand:/data/user/0/com.example.cookingunitconverter.test
12-22 23:06:31.673  9284  9284 V GraphicsEnvironment: ANGLE Developer option for 'com.example.cookingunitconverter.test' set to: 'default'
12-22 23:06:31.674  9284  9284 V GraphicsEnvironment: ANGLE GameManagerService for com.example.cookingunitconverter.test: false
12-22 23:06:31.674  9284  9284 V GraphicsEnvironment: Neither updatable production driver nor prerelease driver is supported.
12-22 23:06:31.676  9284  9284 D NetworkSecurityConfig: No Network Security Config specified, using platform default
12-22 23:06:31.676  9284  9284 D NetworkSecurityConfig: No Network Security Config specified, using platform default
12-22 23:06:31.686  9284  9309 D libEGL  : loaded /vendor/lib64/egl/libEGL_emulation.so
12-22 23:06:31.687  9284  9309 D libEGL  : loaded /vendor/lib64/egl/libGLESv1_CM_emulation.so
12-22 23:06:31.689  9284  9309 D libEGL  : loaded /vendor/lib64/egl/libGLESv2_emulation.so
12-22 23:06:31.698   415   465 W TransactionTracing: Could not find layer id -1
12-22 23:06:31.707   848  1198 D BtGatt.ScanManager: uid 10106 isForeground true scanMode -1
12-22 23:06:31.707   848  1198 D BtGatt.ScanManager: uid 10106 isForeground true scanMode -1
12-22 23:06:31.707   848  1198 D BtGatt.ScanManager: uid 10106 isForeground true scanMode 1
12-22 23:06:31.712   384   454 D goldfish-address-space: claimShared: Ask to claim region [0x1d9a1c000 0x1da070000]
12-22 23:06:31.715   415   465 W TransactionTracing: Could not find layer id -1
12-22 23:06:31.715   415   465 W TransactionTracing: Could not find layer id -1
12-22 23:06:31.742  9284  9308 D HostConnection: createUnique: call
12-22 23:06:31.743  9284  9308 D HostConnection: HostConnection::get() New Host Connection established 0xb4000072293b2a50, tid 9308
