12-22 23:06:31.746  9284  9308 D HostConnection: HostComposition ext ANDROID_EMU_CHECKSUM_HELPER_v1 ANDROID_EMU_native_sync_v2 ANDROID_EMU_native_sync_v3 ANDROID_EMU_native_sync_v4 ANDROID_EMU_dma_v1 ANDROID_EMU_direct_mem ANDROID_EMU_host_composition_v1 ANDROID_EMU_host_composition_v2 ANDROID_EMU_vulkan ANDROID_EMU_deferred_vulkan_commands ANDROID_EMU_vulkan_null_optional_strings ANDROID_EMU_vulkan_create_resources_with_requirements ANDROID_EMU_YUV_Cache ANDROID_EMU_vulkan_ignored_handles ANDROID_EMU_has_shared_slots_host_memory_allocator ANDROID_EMU_vulkan_free_memory_sync ANDROID_EMU_vulkan_shader_float16_int8 ANDROID_EMU_vulkan_async_queue_submit ANDROID_EMU_vulkan_queue_submit_with_commands ANDROID_EMU_sync_buffer_data ANDROID_EMU_read_color_buffer_dma ANDROID_EMU_hwc_multi_configs GL_OES_EGL_image_external_essl3 GL_OES_vertex_array_object GL_KHR_texture_compression_astc_ldr ANDROID_EMU_host_side_tracing ANDROID_EMU_gles_max_version_3_0
12-22 23:06:31.747  9284  9308 W OpenGLRenderer: Failed to choose config with EGL_SWAP_BEHAVIOR_PRESERVED, retrying without...
12-22 23:06:31.747  9284  9308 W OpenGLRenderer: Failed to initialize 101010-2 format, error = EGL_SUCCESS
12-22 23:06:31.748  9284  9308 D EGL_emulation: eglCreateContext: 0xb4000072293b1910: maj 3 min 0 rcv 3
12-22 23:06:31.749  9284  9308 D EGL_emulation: eglMakeCurrent: 0xb4000072293b1910: ver 3 0 (tinfo 0x74459f9080) (first time)
12-22 23:06:31.753  9179  9204 D EGL_emulation: app_time_stats: avg=6.15ms min=1.15ms max=37.88ms count=47
12-22 23:06:31.756   220   220 I hwservicemanager: getTransport: Cannot find entry android.hardware.graphics.mapper@4.0::IMapper/default in either framework or device VINTF manifest.
12-22 23:06:31.757  9284  9308 I Gralloc4: mapper 4.x is not supported
12-22 23:06:31.757  9284  9308 D HostConnection: createUnique: call
12-22 23:06:31.758  9284  9308 D HostConnection: HostConnection::get() New Host Connection established 0xb4000072293b28d0, tid 9308
12-22 23:06:31.758  9284  9308 D goldfish-address-space: allocate: Ask for block of size 0x100
12-22 23:06:31.758  9284  9308 D goldfish-address-space: allocate: ioctl allocate returned offset 0x1d7ff8000 size 0x8000
12-22 23:06:31.759   220   220 I hwservicemanager: getTransport: Cannot find entry android.hardware.graphics.allocator@4.0::IAllocator/default in either framework or device VINTF manifest.
12-22 23:06:31.759   219   219 I servicemanager: Could not find android.hardware.graphics.allocator.IAllocator/default in the VINTF manifest.
12-22 23:06:31.759  9284  9308 W Gralloc4: allocator 4.x is not supported
12-22 23:06:31.760   384   454 D goldfish-address-space: claimShared: Ask to claim region [0x1ddb84000 0x1de568000]
12-22 23:06:31.762  9284  9308 D HostConnection: HostComposition ext ANDROID_EMU_CHECKSUM_HELPER_v1 ANDROID_EMU_native_sync_v2 ANDROID_EMU_native_sync_v3 ANDROID_EMU_native_sync_v4 ANDROID_EMU_dma_v1 ANDROID_EMU_direct_mem ANDROID_EMU_host_composition_v1 ANDROID_EMU_host_composition_v2 ANDROID_EMU_vulkan ANDROID_EMU_deferred_vulkan_commands ANDROID_EMU_vulkan_null_optional_strings ANDROID_EMU_vulkan_create_resources_with_requirements ANDROID_EMU_YUV_Cache ANDROID_EMU_vulkan_ignored_handles ANDROID_EMU_has_shared_slots_host_memory_allocator ANDROID_EMU_vulkan_free_memory_sync ANDROID_EMU_vulkan_shader_float16_int8 ANDROID_EMU_vulkan_async_queue_submit ANDROID_EMU_vulkan_queue_submit_with_commands ANDROID_EMU_sync_buffer_data ANDROID_EMU_read_color_buffer_dma ANDROID_EMU_hwc_multi_configs GL_OES_EGL_image_external_essl3 GL_OES_vertex_array_object GL_KHR_texture_compression_astc_ldr ANDROID_EMU_host_side_tracing ANDROID_EMU_gles_max_version_3_0
12-22 23:06:31.763   384   454 D goldfish-address-space: claimShared: Ask to claim region [0x1de568000 0x1def4c000]
12-22 23:06:31.763   384   454 D goldfish-address-space: claimShared: Ask to claim region [0x1def4c000 0x1df930000]
12-22 23:06:31.765   415   465 W TransactionTracing: Could not find layer id -1
12-22 23:06:31.765   415   465 W TransactionTracing: Could not find layer id -1
12-22 23:06:31.765   415   465 W TransactionTracing: Could not find layer id -1
12-22 23:06:31.784  9284  9308 W Parcel  : Expecting binder but got null!
12-22 23:06:31.792   848  1198 D BtGatt.ScanManager: uid 10106 isForeground true scanMode -1
12-22 23:06:31.792   848  1198 D BtGatt.ScanManager: uid 10106 isForeground true scanMode -1
12-22 23:06:31.792   848  1198 D BtGatt.ScanManager: uid 10106 isForeground true scanMode 1
12-22 23:06:31.796  1150  1150 D MainContentCaptureSession: Flushing 1 event(s) for act:com.google.android.apps.nexuslauncher/.NexusLauncherActivity [state=2 (ACTIVE), disabled=false], reason=FULL
12-22 23:06:31.798   415   465 W TransactionTracing: Could not find layer handle 0xb4000070882c5b30
12-22 23:06:31.798   415   465 W TransactionTracing: Could not find layer id -1
12-22 23:06:31.799   415   465 W TransactionTracing: Could not find layer id -1
12-22 23:06:31.799   415   465 W TransactionTracing: Could not find layer id -1
12-22 23:06:31.799   415   465 W TransactionTracing: Could not find layer id -1
12-22 23:06:31.822   384   454 D goldfish-address-space: claimShared: Ask to claim region [0x1dc000000 0x1dc9e4000]
12-22 23:06:31.824   384   454 D goldfish-address-space: claimShared: Ask to claim region [0x1e1dac000 0x1e2790000]
12-22 23:06:31.825   384   454 D goldfish-address-space: claimShared: Ask to claim region [0x1e2790000 0x1e3174000]
12-22 23:06:31.836   772  1059 D EGL_emulation: app_time_stats: avg=196.55ms min=12.86ms max=1832.09ms count=11
12-22 23:06:31.838   772  1059 D EGL_emulation: app_time_stats: avg=10.42ms min=0.83ms max=65.74ms count=40
12-22 23:06:31.843  1515  1515 I GsaVoiceInteractionSrv: Handling ACTION_START_HOTWORD
12-22 23:06:31.844  1515  2201 I GsaVoiceInteractionSrv: (REDACTED) disregardVoiceMatch: %b
12-22 23:06:31.844  1515  2201 I GsaVoiceInteractionSrv: Cannot start hotword, hotword has been explicitly disabled.
12-22 23:06:31.854  1496  1718 I AiAiEcho: Predicting[0]:
12-22 23:06:31.854  1496  1718 I AiAiEcho: Ranked targets strategy: SORT, count: 0, ranking metadata:
12-22 23:06:31.857  1496  1718 I AiAiEcho: #postPredictionTargets: Sending updates to UISurface lockscreen with targets# 0
12-22 23:06:31.857  1496  1718 I AiAiEcho: #postPredictionTargets: Sending updates to UISurface home with targets# 0
12-22 23:06:31.857  1496  1718 I AiAiEcho: #postPredictionTargets: Sending updates to UISurface media_data_manager with targets# 0
12-22 23:06:31.862   384   454 D goldfish-address-space: claimShared: Ask to claim region [0x1e6828000 0x1e720c000]
12-22 23:06:31.863   384   454 D goldfish-address-space: claimShared: Ask to claim region [0x1e724c000 0x1e7c30000]
12-22 23:06:31.865   384   454 D goldfish-address-space: claimShared: Ask to claim region [0x1e4000000 0x1e49e4000]
12-22 23:06:31.866  1150  1150 E BcSmartspaceCard: No tap action can be set up
12-22 23:06:31.911  1397  1397 I GoogleInputMethodService: GoogleInputMethodService.onFinishInput():3220
12-22 23:06:31.916   415   465 W TransactionTracing: Could not find layer handle 0xb4000070882ca810
12-22 23:06:31.916  1397  1397 I GoogleInputMethodService: GoogleInputMethodService.updateDeviceLockedStatus():2114 repeatCheckTimes = 0, unlocked = true
12-22 23:06:31.916  1397  1397 I GoogleInputMethodService: GoogleInputMethodService.onStartInput():1919 onStartInput(EditorInfo{inputType=0x0(NULL) imeOptions=0x0 privateImeOptions=null actionName=UNSPECIFIED actionLabel=null actionId=0 initialSelStart=-1 initialSelEnd=-1 initialCapsMode=0x0 hintText=null label=null packageName=com.google.android.apps.nexuslauncher fieldId=-1 fieldName=null extras=null}, false)
12-22 23:06:31.917  1397  1397 I GoogleInputMethodService: GoogleInputMethodService.updateDeviceLockedStatus():2114 repeatCheckTimes = 2, unlocked = true
12-22 23:06:32.023  8889  8933 I WM-WorkerWrapper: Worker result SUCCESS for Work [ id=8bf9bfa2-cccd-4183-9fc5-48fa42a50057, tags={ com.google.android.libraries.mdi.download.workmanager.workers.PeriodicWorker, MDD.MAINTENANCE.PERIODIC.GCM.TASK } ]
12-22 23:06:32.125  9179  9179 D LifecycleMonitor: Lifecycle status change: com.example.cookingunitconverter.MainActivity@7ea488 in: STOPPED
12-22 23:06:32.125  9179  9179 V ActivityScenario: Update currentActivityStage to STOPPED, currentActivity=com.example.cookingunitconverter.MainActivity@7ea488
12-22 23:06:32.126  9179  9179 D AutofillManager: onActivityFinishing(): calling cancelLocked()
12-22 23:06:32.127  9179  9179 D LifecycleMonitor: Lifecycle status change: com.example.cookingunitconverter.MainActivity@7ea488 in: DESTROYED
12-22 23:06:32.127  9179  9179 V ActivityScenario: Update currentActivityStage to DESTROYED, currentActivity=null
12-22 23:06:32.131   415   465 W TransactionTracing: Could not find layer handle 0xb4000070882ca150
12-22 23:06:32.132   415   465 W TransactionTracing: Could not find layer handle 0xb4000070882ca150
12-22 23:06:32.132   415   465 W TransactionTracing: Could not find layer handle 0xb4000070882c9f70
12-22 23:06:32.132  9179  9202 I TestRunner: finished: calculate_gallons_to_cups_without_rounding(com.example.cookingunitconverter.ExampleInstrumentedTest)
